******************************************************************************
                  TI ARM Linker PC v5.1.1                      
******************************************************************************
>> Linked Mon Apr 07 19:21:04 2014

OUTPUT FILE NAME:   <Lab8.out>
ENTRY POINT SYMBOL: "_c_int00"  address: 00000bb9


MEMORY CONFIGURATION

         name            origin    length      used     unused   attr    fill
----------------------  --------  ---------  --------  --------  ----  --------
  FLASH                 00000000   00040000  00000eee  0003f112  R  X
  SRAM                  20000000   00008000  00000114  00007eec  RW X


SEGMENT ALLOCATION MAP

run origin  load origin   length   init length attrs members
----------  ----------- ---------- ----------- ----- -------
00000000    00000000    00000ef0   00000ef0    r-x
  00000000    00000000    0000026c   0000026c    r-- .intvecs
  0000026c    0000026c    00000b3e   00000b3e    r-x .text
  00000dac    00000dac    00000124   00000124    r-- .const
  00000ed0    00000ed0    00000020   00000020    r-- .cinit
20000000    20000000    00000114   00000000    rw-
  20000000    20000000    00000100   00000000    rw- .stack
  20000100    20000100    00000014   00000000    rw- .data


SECTION ALLOCATION MAP

 output                                  attributes/
section   page    origin      length       input sections
--------  ----  ----------  ----------   ----------------
.intvecs   0    00000000    0000026c     
                  00000000    0000026c     startup_ccs.obj (.intvecs)

.text      0    0000026c    00000b3e     
                  0000026c    000001e4     main.obj (.text)
                  00000450    000001d8     driverlib-cm4f.lib : sysctl.obj (.text:SysCtlClockGet)
                  00000628    0000013c                        : sysctl.obj (.text:SysCtlClockSet)
                  00000764    000000c8                        : gpio.obj (.text:GPIOPadConfigSet)
                  0000082c    0000009c     rtsv7M4_T_le_v4SPD16_eabi.lib : memcpy_t2.obj (.text)
                  000008c8    00000098     driverlib-cm4f.lib : flash.obj (.text:FlashProgram)
                  00000960    00000094     rtsv7M4_T_le_v4SPD16_eabi.lib : auto_init.obj (.text)
                  000009f4    00000078     driverlib-cm4f.lib : gpio.obj (.text:GPIOPinTypeI2CSCL)
                  00000a6c    0000005e     rtsv7M4_T_le_v4SPD16_eabi.lib : copy_decompress_rle.obj (.text)
                  00000aca    00000002     --HOLE-- [fill = 0]
                  00000acc    00000058     driverlib-cm4f.lib : sysctl.obj (.text:SysCtlPeripheralEnable)
                  00000b24    0000004c                        : i2c.obj (.text:I2CMasterInitExpClk)
                  00000b70    00000048                        : gpio.obj (.text:GPIOPinConfigure)
                  00000bb8    00000048     rtsv7M4_T_le_v4SPD16_eabi.lib : boot.obj (.text)
                  00000c00    00000044                                   : cpy_tbl.obj (.text)
                  00000c44    00000044                                   : exit.obj (.text)
                  00000c88    00000034     driverlib-cm4f.lib : flash.obj (.text:FlashErase)
                  00000cbc    0000002e                        : gpio.obj (.text:GPIODirModeSet)
                  00000cea    00000002     --HOLE-- [fill = 0]
                  00000cec    00000018     rtsv7M4_T_le_v4SPD16_eabi.lib : args_main.obj (.text)
                  00000d04    00000014                                   : _lock.obj (.text)
                  00000d18    00000012     driverlib-cm4f.lib : gpio.obj (.text:GPIOPinTypeGPIOInput)
                  00000d2a    00000012                        : gpio.obj (.text:GPIOPinTypeGPIOOutput)
                  00000d3c    00000012                        : gpio.obj (.text:GPIOPinTypeI2C)
                  00000d4e    0000000e     rtsv7M4_T_le_v4SPD16_eabi.lib : copy_decompress_none.obj (.text:decompress:none)
                  00000d5c    0000000c     startup_ccs.obj (.text)
                  00000d68    0000000a     driverlib-cm4f.lib : gpio.obj (.text:GPIOPinRead)
                  00000d72    0000000a                        : gpio.obj (.text:GPIOPinWrite)
                  00000d7c    0000000a                        : i2c.obj (.text:I2CMasterEnable)
                  00000d86    00000008                        : i2c.obj (.text:I2CMasterBusy)
                  00000d8e    00000008                        : i2c.obj (.text:I2CMasterSlaveAddrSet)
                  00000d96    00000006                        : sysctl.obj (.text:SysCtlDelay)
                  00000d9c    00000006     rtsv7M4_T_le_v4SPD16_eabi.lib : copy_decompress_rle.obj (.text:decompress:rle24)
                  00000da2    00000004     driverlib-cm4f.lib : i2c.obj (.text:I2CMasterControl)
                  00000da6    00000004                        : i2c.obj (.text:I2CMasterDataPut)

.const     0    00000dac    00000124     
                  00000dac    00000078     driverlib-cm4f.lib : gpio.obj (.const:g_pulGPIOBaseAddrs)
                  00000e24    0000006c                        : sysctl.obj (.const:g_pulXtals)
                  00000e90    00000040                        : sysctl.obj (.const)

.cinit     0    00000ed0    00000020     
                  00000ed0    0000000f     (.cinit..data.load) [load image, compression = rle]
                  00000edf    00000001     --HOLE-- [fill = 0]
                  00000ee0    00000008     (__TI_handler_table)
                  00000ee8    00000008     (__TI_cinit_table)

.stack     0    20000000    00000100     UNINITIALIZED
                  20000000    00000100     --HOLE--

.data      0    20000100    00000014     UNINITIALIZED
                  20000100    00000008     rtsv7M4_T_le_v4SPD16_eabi.lib : _lock.obj (.data)
                  20000108    00000008                                   : exit.obj (.data)
                  20000110    00000004                                   : stkdepth_vars.obj (.data)


LINKER GENERATED COPY TABLES

__TI_cinit_table @ 00000ee8 records: 1, size/record: 8, table size: 8
	.data: load addr=00000ed0, load size=0000000f bytes, run addr=20000100, run size=00000014 bytes, compression=rle


LINKER GENERATED HANDLER TABLE

__TI_handler_table @ 00000ee0 records: 2, size/record: 4, table size: 8
	index: 0, handler: __TI_decompress_rle24
	index: 1, handler: __TI_decompress_none


GLOBAL SYMBOLS: SORTED ALPHABETICALLY BY Name 

address    name
--------   ----
00000c45   C$$EXIT
00000c89   FlashErase
000008c9   FlashProgram
00000cbd   GPIODirModeSet
00000765   GPIOPadConfigSet
00000b71   GPIOPinConfigure
00000d69   GPIOPinRead
00000d19   GPIOPinTypeGPIOInput
00000d2b   GPIOPinTypeGPIOOutput
00000d3d   GPIOPinTypeI2C
000009f5   GPIOPinTypeI2CSCL
00000d73   GPIOPinWrite
00000d87   I2CMasterBusy
00000da3   I2CMasterControl
00000da7   I2CMasterDataPut
00000d7d   I2CMasterEnable
00000b25   I2CMasterInitExpClk
00000d8f   I2CMasterSlaveAddrSet
00000d5d   ResetISR
UNDEFED    SHT$$INIT_ARRAY$$Base
UNDEFED    SHT$$INIT_ARRAY$$Limit
00000451   SysCtlClockGet
00000629   SysCtlClockSet
00000d97   SysCtlDelay
00000acd   SysCtlPeripheralEnable
20000100   __STACK_END
00000100   __STACK_SIZE
20000100   __STACK_TOP
00000ee8   __TI_CINIT_Base
00000ef0   __TI_CINIT_Limit
00000ee0   __TI_Handler_Table_Base
00000ee8   __TI_Handler_Table_Limit
00000001   __TI_args_main
00000961   __TI_auto_init
20000108   __TI_cleanup_ptr
00000d4f   __TI_decompress_none
00000d9d   __TI_decompress_rle24
2000010c   __TI_dtors_ptr
00000000   __TI_static_base__
0000082d   __aeabi_memcpy
0000082d   __aeabi_memcpy4
0000082d   __aeabi_memcpy8
ffffffff   __binit__
ffffffff   __c_args__
20000000   __stack
00000ced   _args_main
00000bb9   _c_int00
20000100   _lock
00000d13   _nop
00000d0b   _register_lock
00000d05   _register_unlock
20000104   _unlock
00000c49   abort
ffffffff   binit
00000c01   copy_in
00000c51   exit
00000000   g_pfnVectors
0000026d   main
20000110   main_func_sp
0000082d   memcpy
000003f5   send_data
00000301   testDAC
000002b3   testFlash
0000027b   testHeartBeat


GLOBAL SYMBOLS: SORTED BY Symbol Address 

address    name
--------   ----
00000000   __TI_static_base__
00000000   g_pfnVectors
00000001   __TI_args_main
00000100   __STACK_SIZE
0000026d   main
0000027b   testHeartBeat
000002b3   testFlash
00000301   testDAC
000003f5   send_data
00000451   SysCtlClockGet
00000629   SysCtlClockSet
00000765   GPIOPadConfigSet
0000082d   __aeabi_memcpy
0000082d   __aeabi_memcpy4
0000082d   __aeabi_memcpy8
0000082d   memcpy
000008c9   FlashProgram
00000961   __TI_auto_init
000009f5   GPIOPinTypeI2CSCL
00000acd   SysCtlPeripheralEnable
00000b25   I2CMasterInitExpClk
00000b71   GPIOPinConfigure
00000bb9   _c_int00
00000c01   copy_in
00000c45   C$$EXIT
00000c49   abort
00000c51   exit
00000c89   FlashErase
00000cbd   GPIODirModeSet
00000ced   _args_main
00000d05   _register_unlock
00000d0b   _register_lock
00000d13   _nop
00000d19   GPIOPinTypeGPIOInput
00000d2b   GPIOPinTypeGPIOOutput
00000d3d   GPIOPinTypeI2C
00000d4f   __TI_decompress_none
00000d5d   ResetISR
00000d69   GPIOPinRead
00000d73   GPIOPinWrite
00000d7d   I2CMasterEnable
00000d87   I2CMasterBusy
00000d8f   I2CMasterSlaveAddrSet
00000d97   SysCtlDelay
00000d9d   __TI_decompress_rle24
00000da3   I2CMasterControl
00000da7   I2CMasterDataPut
00000ee0   __TI_Handler_Table_Base
00000ee8   __TI_CINIT_Base
00000ee8   __TI_Handler_Table_Limit
00000ef0   __TI_CINIT_Limit
20000000   __stack
20000100   __STACK_END
20000100   __STACK_TOP
20000100   _lock
20000104   _unlock
20000108   __TI_cleanup_ptr
2000010c   __TI_dtors_ptr
20000110   main_func_sp
ffffffff   __binit__
ffffffff   __c_args__
ffffffff   binit
UNDEFED    SHT$$INIT_ARRAY$$Base
UNDEFED    SHT$$INIT_ARRAY$$Limit

[64 symbols]
