******************************************************************************
                  TI ARM Linker PC v5.1.1                      
******************************************************************************
>> Linked Mon Apr 07 18:36:31 2014

OUTPUT FILE NAME:   <Lab8.out>
ENTRY POINT SYMBOL: "_c_int00"  address: 000007a9


MEMORY CONFIGURATION

         name            origin    length      used     unused   attr    fill
----------------------  --------  ---------  --------  --------  ----  --------
  FLASH                 00000000   00040000  000009aa  0003f656  R  X
  SRAM                  20000000   00008000  00000114  00007eec  RW X


SEGMENT ALLOCATION MAP

run origin  load origin   length   init length attrs members
----------  ----------- ---------- ----------- ----- -------
00000000    00000000    000009b0   000009b0    r-x
  00000000    00000000    0000026c   0000026c    r-- .intvecs
  0000026c    0000026c    000006de   000006de    r-x .text
  0000094c    0000094c    00000040   00000040    r-- .const
  00000990    00000990    00000020   00000020    r-- .cinit
20000000    20000000    00000114   00000000    rw-
  20000000    20000000    00000100   00000000    rw- .stack
  20000100    20000100    00000014   00000000    rw- .data


SECTION ALLOCATION MAP

 output                                  attributes/
section   page    origin      length       input sections
--------  ----  ----------  ----------   ----------------
.intvecs   0    00000000    0000026c     
                  00000000    0000026c     startup_ccs.obj (.intvecs)

.text      0    0000026c    000006de     
                  0000026c    0000013c     driverlib-cm4f.lib : sysctl.obj (.text:SysCtlClockSet)
                  000003a8    000000c8                        : gpio.obj (.text:GPIOPadConfigSet)
                  00000470    000000b8     main.obj (.text)
                  00000528    0000009c     rtsv7M4_T_le_v4SPD16_eabi.lib : memcpy_t2.obj (.text)
                  000005c4    00000098     driverlib-cm4f.lib : flash.obj (.text:FlashProgram)
                  0000065c    00000094     rtsv7M4_T_le_v4SPD16_eabi.lib : auto_init.obj (.text)
                  000006f0    0000005e                                   : copy_decompress_rle.obj (.text)
                  0000074e    00000002     --HOLE-- [fill = 0]
                  00000750    00000058     driverlib-cm4f.lib : sysctl.obj (.text:SysCtlPeripheralEnable)
                  000007a8    00000048     rtsv7M4_T_le_v4SPD16_eabi.lib : boot.obj (.text)
                  000007f0    00000044                                   : cpy_tbl.obj (.text)
                  00000834    00000044                                   : exit.obj (.text)
                  00000878    00000034     driverlib-cm4f.lib : flash.obj (.text:FlashErase)
                  000008ac    0000002e                        : gpio.obj (.text:GPIODirModeSet)
                  000008da    00000002     --HOLE-- [fill = 0]
                  000008dc    00000018     rtsv7M4_T_le_v4SPD16_eabi.lib : args_main.obj (.text)
                  000008f4    00000014                                   : _lock.obj (.text)
                  00000908    00000012     driverlib-cm4f.lib : gpio.obj (.text:GPIOPinTypeGPIOOutput)
                  0000091a    0000000e     rtsv7M4_T_le_v4SPD16_eabi.lib : copy_decompress_none.obj (.text:decompress:none)
                  00000928    0000000c     startup_ccs.obj (.text)
                  00000934    0000000a     driverlib-cm4f.lib : gpio.obj (.text:GPIOPinWrite)
                  0000093e    00000006                        : sysctl.obj (.text:SysCtlDelay)
                  00000944    00000006     rtsv7M4_T_le_v4SPD16_eabi.lib : copy_decompress_rle.obj (.text:decompress:rle24)

.const     0    0000094c    00000040     
                  0000094c    00000040     driverlib-cm4f.lib : sysctl.obj (.const)

.cinit     0    00000990    00000020     
                  00000990    0000000f     (.cinit..data.load) [load image, compression = rle]
                  0000099f    00000001     --HOLE-- [fill = 0]
                  000009a0    00000008     (__TI_handler_table)
                  000009a8    00000008     (__TI_cinit_table)

.stack     0    20000000    00000100     UNINITIALIZED
                  20000000    00000100     --HOLE--

.data      0    20000100    00000014     UNINITIALIZED
                  20000100    00000008     rtsv7M4_T_le_v4SPD16_eabi.lib : _lock.obj (.data)
                  20000108    00000008                                   : exit.obj (.data)
                  20000110    00000004                                   : stkdepth_vars.obj (.data)


LINKER GENERATED COPY TABLES

__TI_cinit_table @ 000009a8 records: 1, size/record: 8, table size: 8
	.data: load addr=00000990, load size=0000000f bytes, run addr=20000100, run size=00000014 bytes, compression=rle


LINKER GENERATED HANDLER TABLE

__TI_handler_table @ 000009a0 records: 2, size/record: 4, table size: 8
	index: 0, handler: __TI_decompress_rle24
	index: 1, handler: __TI_decompress_none


GLOBAL SYMBOLS: SORTED ALPHABETICALLY BY Name 

address    name
--------   ----
00000835   C$$EXIT
00000879   FlashErase
000005c5   FlashProgram
000008ad   GPIODirModeSet
000003a9   GPIOPadConfigSet
00000909   GPIOPinTypeGPIOOutput
00000935   GPIOPinWrite
00000929   ResetISR
UNDEFED    SHT$$INIT_ARRAY$$Base
UNDEFED    SHT$$INIT_ARRAY$$Limit
0000026d   SysCtlClockSet
0000093f   SysCtlDelay
00000751   SysCtlPeripheralEnable
20000100   __STACK_END
00000100   __STACK_SIZE
20000100   __STACK_TOP
000009a8   __TI_CINIT_Base
000009b0   __TI_CINIT_Limit
000009a0   __TI_Handler_Table_Base
000009a8   __TI_Handler_Table_Limit
00000001   __TI_args_main
0000065d   __TI_auto_init
20000108   __TI_cleanup_ptr
0000091b   __TI_decompress_none
00000945   __TI_decompress_rle24
2000010c   __TI_dtors_ptr
00000000   __TI_static_base__
00000529   __aeabi_memcpy
00000529   __aeabi_memcpy4
00000529   __aeabi_memcpy8
ffffffff   __binit__
ffffffff   __c_args__
20000000   __stack
000008dd   _args_main
000007a9   _c_int00
20000100   _lock
00000903   _nop
000008fb   _register_lock
000008f5   _register_unlock
20000104   _unlock
00000839   abort
ffffffff   binit
000007f1   copy_in
00000841   exit
00000000   g_pfnVectors
00000471   main
20000110   main_func_sp
00000529   memcpy
0000047f   testFlash
000004cd   testHeartBeat


GLOBAL SYMBOLS: SORTED BY Symbol Address 

address    name
--------   ----
00000000   __TI_static_base__
00000000   g_pfnVectors
00000001   __TI_args_main
00000100   __STACK_SIZE
0000026d   SysCtlClockSet
000003a9   GPIOPadConfigSet
00000471   main
0000047f   testFlash
000004cd   testHeartBeat
00000529   __aeabi_memcpy
00000529   __aeabi_memcpy4
00000529   __aeabi_memcpy8
00000529   memcpy
000005c5   FlashProgram
0000065d   __TI_auto_init
00000751   SysCtlPeripheralEnable
000007a9   _c_int00
000007f1   copy_in
00000835   C$$EXIT
00000839   abort
00000841   exit
00000879   FlashErase
000008ad   GPIODirModeSet
000008dd   _args_main
000008f5   _register_unlock
000008fb   _register_lock
00000903   _nop
00000909   GPIOPinTypeGPIOOutput
0000091b   __TI_decompress_none
00000929   ResetISR
00000935   GPIOPinWrite
0000093f   SysCtlDelay
00000945   __TI_decompress_rle24
000009a0   __TI_Handler_Table_Base
000009a8   __TI_CINIT_Base
000009a8   __TI_Handler_Table_Limit
000009b0   __TI_CINIT_Limit
20000000   __stack
20000100   __STACK_END
20000100   __STACK_TOP
20000100   _lock
20000104   _unlock
20000108   __TI_cleanup_ptr
2000010c   __TI_dtors_ptr
20000110   main_func_sp
ffffffff   __binit__
ffffffff   __c_args__
ffffffff   binit
UNDEFED    SHT$$INIT_ARRAY$$Base
UNDEFED    SHT$$INIT_ARRAY$$Limit

[50 symbols]
